// Jest Snapshot v1, https://goo.gl/fbAQLP

exports[`matches snapshot 1`] = `
<DocumentFragment>
  <div>
    <li>
      sample todo
    </li>
    <button>
      X
    </button>
  </div>
</DocumentFragment>
`;
